------------------------------------------------------------
TimeQuest Timing Analyzer Summary
------------------------------------------------------------

Type  : Slow 1100mV 85C Model Setup 'mouse:mouse_position|atualiza_posicao:recebe_posicao|mouse_ctrl:mousectrl|newdata'
Slack : -27.000
TNS   : -1213.459

Type  : Slow 1100mV 85C Model Setup 'mouse:mouse_position|atualiza_posicao:recebe_posicao|y[0]'
Slack : -6.923
TNS   : -10.920

Type  : Slow 1100mV 85C Model Setup 'mouse:mouse_position|atualiza_posicao:recebe_posicao|x[1]'
Slack : -6.277
TNS   : -10.148

Type  : Slow 1100mV 85C Model Setup 'mouse:mouse_position|valida_clique:acoes_clique|mouse_ctrl:mousectrl|newdata'
Slack : -5.595
TNS   : -22.380

Type  : Slow 1100mV 85C Model Setup 'mouse:mouse_position|atualiza_posicao:recebe_posicao|mouse_ctrl:mousectrl|ps2_iobase:ps2io|parchecked'
Slack : -4.162
TNS   : -92.632

Type  : Slow 1100mV 85C Model Setup 'mouse:mouse_position|valida_clique:acoes_clique|mouse_ctrl:mousectrl|ps2_iobase:ps2io|sigtrigger'
Slack : -3.942
TNS   : -58.229

Type  : Slow 1100mV 85C Model Setup 'CLOCK_50'
Slack : -3.874
TNS   : -326.250

Type  : Slow 1100mV 85C Model Setup 'mouse:mouse_position|atualiza_posicao:recebe_posicao|mouse_ctrl:mousectrl|ps2_iobase:ps2io|sigtrigger'
Slack : -3.678
TNS   : -58.553

Type  : Slow 1100mV 85C Model Setup 'mouse:mouse_position|atualiza_posicao:recebe_posicao|mouse_ctrl:mousectrl|sigsend'
Slack : -3.400
TNS   : -24.685

Type  : Slow 1100mV 85C Model Setup 'mouse:mouse_position|valida_clique:acoes_clique|mouse_ctrl:mousectrl|sigsend'
Slack : -3.368
TNS   : -25.045

Type  : Slow 1100mV 85C Model Setup 'mouse:mouse_position|valida_clique:acoes_clique|mouse_ctrl:mousectrl|ps2_iobase:ps2io|parchecked'
Slack : -3.344
TNS   : -12.870

Type  : Slow 1100mV 85C Model Setup 'mouse_monitor|vga_component|divider|vga_pll_inst|altera_pll_i|general[0].gpll~PLL_OUTPUT_COUNTER|divclk'
Slack : 25.381
TNS   : 0.000

Type  : Slow 1100mV 85C Model Hold 'mouse:mouse_position|atualiza_posicao:recebe_posicao|mouse_ctrl:mousectrl|newdata'
Slack : 0.061
TNS   : 0.000

Type  : Slow 1100mV 85C Model Hold 'CLOCK_50'
Slack : 0.221
TNS   : 0.000

Type  : Slow 1100mV 85C Model Hold 'mouse:mouse_position|valida_clique:acoes_clique|mouse_ctrl:mousectrl|ps2_iobase:ps2io|sigtrigger'
Slack : 0.252
TNS   : 0.000

Type  : Slow 1100mV 85C Model Hold 'mouse:mouse_position|valida_clique:acoes_clique|mouse_ctrl:mousectrl|newdata'
Slack : 0.294
TNS   : 0.000

Type  : Slow 1100mV 85C Model Hold 'mouse:mouse_position|atualiza_posicao:recebe_posicao|mouse_ctrl:mousectrl|ps2_iobase:ps2io|parchecked'
Slack : 0.297
TNS   : 0.000

Type  : Slow 1100mV 85C Model Hold 'mouse:mouse_position|atualiza_posicao:recebe_posicao|mouse_ctrl:mousectrl|ps2_iobase:ps2io|sigtrigger'
Slack : 0.377
TNS   : 0.000

Type  : Slow 1100mV 85C Model Hold 'mouse_monitor|vga_component|divider|vga_pll_inst|altera_pll_i|general[0].gpll~PLL_OUTPUT_COUNTER|divclk'
Slack : 0.408
TNS   : 0.000

Type  : Slow 1100mV 85C Model Hold 'mouse:mouse_position|valida_clique:acoes_clique|mouse_ctrl:mousectrl|ps2_iobase:ps2io|parchecked'
Slack : 0.709
TNS   : 0.000

Type  : Slow 1100mV 85C Model Hold 'mouse:mouse_position|atualiza_posicao:recebe_posicao|x[1]'
Slack : 1.149
TNS   : 0.000

Type  : Slow 1100mV 85C Model Hold 'mouse:mouse_position|atualiza_posicao:recebe_posicao|y[0]'
Slack : 1.476
TNS   : 0.000

Type  : Slow 1100mV 85C Model Hold 'mouse:mouse_position|atualiza_posicao:recebe_posicao|mouse_ctrl:mousectrl|sigsend'
Slack : 2.144
TNS   : 0.000

Type  : Slow 1100mV 85C Model Hold 'mouse:mouse_position|valida_clique:acoes_clique|mouse_ctrl:mousectrl|sigsend'
Slack : 2.234
TNS   : 0.000

Type  : Slow 1100mV 85C Model Recovery 'mouse:mouse_position|valida_clique:acoes_clique|mouse_ctrl:mousectrl|ps2_iobase:ps2io|sigtrigger'
Slack : -3.851
TNS   : -63.020

Type  : Slow 1100mV 85C Model Recovery 'mouse:mouse_position|atualiza_posicao:recebe_posicao|mouse_ctrl:mousectrl|ps2_iobase:ps2io|sigtrigger'
Slack : -3.355
TNS   : -70.151

Type  : Slow 1100mV 85C Model Recovery 'CLOCK_50'
Slack : -2.638
TNS   : -177.409

Type  : Slow 1100mV 85C Model Recovery 'mouse:mouse_position|atualiza_posicao:recebe_posicao|mouse_ctrl:mousectrl|sigsend'
Slack : -2.620
TNS   : -22.983

Type  : Slow 1100mV 85C Model Recovery 'mouse:mouse_position|valida_clique:acoes_clique|mouse_ctrl:mousectrl|sigsend'
Slack : -2.507
TNS   : -21.919

Type  : Slow 1100mV 85C Model Removal 'CLOCK_50'
Slack : 0.586
TNS   : 0.000

Type  : Slow 1100mV 85C Model Removal 'mouse:mouse_position|valida_clique:acoes_clique|mouse_ctrl:mousectrl|ps2_iobase:ps2io|sigtrigger'
Slack : 1.204
TNS   : 0.000

Type  : Slow 1100mV 85C Model Removal 'mouse:mouse_position|atualiza_posicao:recebe_posicao|mouse_ctrl:mousectrl|ps2_iobase:ps2io|sigtrigger'
Slack : 1.675
TNS   : 0.000

Type  : Slow 1100mV 85C Model Removal 'mouse:mouse_position|atualiza_posicao:recebe_posicao|mouse_ctrl:mousectrl|sigsend'
Slack : 1.696
TNS   : 0.000

Type  : Slow 1100mV 85C Model Removal 'mouse:mouse_position|valida_clique:acoes_clique|mouse_ctrl:mousectrl|sigsend'
Slack : 1.749
TNS   : 0.000

Type  : Slow 1100mV 85C Model Minimum Pulse Width 'mouse:mouse_position|atualiza_posicao:recebe_posicao|mouse_ctrl:mousectrl|newdata'
Slack : -0.394
TNS   : -29.639

Type  : Slow 1100mV 85C Model Minimum Pulse Width 'mouse:mouse_position|atualiza_posicao:recebe_posicao|mouse_ctrl:mousectrl|ps2_iobase:ps2io|parchecked'
Slack : -0.394
TNS   : -14.561

Type  : Slow 1100mV 85C Model Minimum Pulse Width 'mouse:mouse_position|atualiza_posicao:recebe_posicao|mouse_ctrl:mousectrl|ps2_iobase:ps2io|sigtrigger'
Slack : -0.394
TNS   : -14.371

Type  : Slow 1100mV 85C Model Minimum Pulse Width 'mouse:mouse_position|valida_clique:acoes_clique|mouse_ctrl:mousectrl|ps2_iobase:ps2io|sigtrigger'
Slack : -0.394
TNS   : -13.661

Type  : Slow 1100mV 85C Model Minimum Pulse Width 'mouse:mouse_position|atualiza_posicao:recebe_posicao|mouse_ctrl:mousectrl|sigsend'
Slack : -0.394
TNS   : -4.900

Type  : Slow 1100mV 85C Model Minimum Pulse Width 'mouse:mouse_position|valida_clique:acoes_clique|mouse_ctrl:mousectrl|sigsend'
Slack : -0.394
TNS   : -4.790

Type  : Slow 1100mV 85C Model Minimum Pulse Width 'mouse:mouse_position|valida_clique:acoes_clique|mouse_ctrl:mousectrl|ps2_iobase:ps2io|parchecked'
Slack : -0.394
TNS   : -2.795

Type  : Slow 1100mV 85C Model Minimum Pulse Width 'mouse:mouse_position|valida_clique:acoes_clique|mouse_ctrl:mousectrl|newdata'
Slack : -0.394
TNS   : -2.296

Type  : Slow 1100mV 85C Model Minimum Pulse Width 'mouse_monitor|vga_component|divider|vga_pll_inst|altera_pll_i|general[0].gpll~FRACTIONAL_PLL|vcoph[0]'
Slack : 0.325
TNS   : 0.000

Type  : Slow 1100mV 85C Model Minimum Pulse Width 'mouse:mouse_position|atualiza_posicao:recebe_posicao|x[1]'
Slack : 0.364
TNS   : 0.000

Type  : Slow 1100mV 85C Model Minimum Pulse Width 'mouse:mouse_position|atualiza_posicao:recebe_posicao|y[0]'
Slack : 0.429
TNS   : 0.000

Type  : Slow 1100mV 85C Model Minimum Pulse Width 'CLOCK_50'
Slack : 8.880
TNS   : 0.000

Type  : Slow 1100mV 85C Model Minimum Pulse Width 'mouse_monitor|vga_component|divider|vga_pll_inst|altera_pll_i|general[0].gpll~PLL_OUTPUT_COUNTER|divclk'
Slack : 18.646
TNS   : 0.000

Type  : Slow 1100mV 0C Model Setup 'mouse:mouse_position|atualiza_posicao:recebe_posicao|mouse_ctrl:mousectrl|newdata'
Slack : -27.829
TNS   : -1253.240

Type  : Slow 1100mV 0C Model Setup 'mouse:mouse_position|atualiza_posicao:recebe_posicao|y[0]'
Slack : -6.619
TNS   : -10.457

Type  : Slow 1100mV 0C Model Setup 'mouse:mouse_position|atualiza_posicao:recebe_posicao|x[1]'
Slack : -6.060
TNS   : -9.795

Type  : Slow 1100mV 0C Model Setup 'mouse:mouse_position|valida_clique:acoes_clique|mouse_ctrl:mousectrl|newdata'
Slack : -5.704
TNS   : -22.816

Type  : Slow 1100mV 0C Model Setup 'mouse:mouse_position|atualiza_posicao:recebe_posicao|mouse_ctrl:mousectrl|ps2_iobase:ps2io|parchecked'
Slack : -4.252
TNS   : -94.184

Type  : Slow 1100mV 0C Model Setup 'mouse:mouse_position|valida_clique:acoes_clique|mouse_ctrl:mousectrl|ps2_iobase:ps2io|sigtrigger'
Slack : -4.032
TNS   : -57.748

Type  : Slow 1100mV 0C Model Setup 'mouse:mouse_position|atualiza_posicao:recebe_posicao|mouse_ctrl:mousectrl|ps2_iobase:ps2io|sigtrigger'
Slack : -3.834
TNS   : -58.611

Type  : Slow 1100mV 0C Model Setup 'mouse:mouse_position|atualiza_posicao:recebe_posicao|mouse_ctrl:mousectrl|sigsend'
Slack : -3.526
TNS   : -25.728

Type  : Slow 1100mV 0C Model Setup 'CLOCK_50'
Slack : -3.523
TNS   : -275.951

Type  : Slow 1100mV 0C Model Setup 'mouse:mouse_position|valida_clique:acoes_clique|mouse_ctrl:mousectrl|ps2_iobase:ps2io|parchecked'
Slack : -3.522
TNS   : -13.457

Type  : Slow 1100mV 0C Model Setup 'mouse:mouse_position|valida_clique:acoes_clique|mouse_ctrl:mousectrl|sigsend'
Slack : -3.469
TNS   : -25.989

Type  : Slow 1100mV 0C Model Setup 'mouse_monitor|vga_component|divider|vga_pll_inst|altera_pll_i|general[0].gpll~PLL_OUTPUT_COUNTER|divclk'
Slack : 25.513
TNS   : 0.000

Type  : Slow 1100mV 0C Model Hold 'CLOCK_50'
Slack : -0.040
TNS   : -0.114

Type  : Slow 1100mV 0C Model Hold 'mouse:mouse_position|atualiza_posicao:recebe_posicao|mouse_ctrl:mousectrl|newdata'
Slack : 0.211
TNS   : 0.000

Type  : Slow 1100mV 0C Model Hold 'mouse:mouse_position|valida_clique:acoes_clique|mouse_ctrl:mousectrl|ps2_iobase:ps2io|sigtrigger'
Slack : 0.215
TNS   : 0.000

Type  : Slow 1100mV 0C Model Hold 'mouse:mouse_position|valida_clique:acoes_clique|mouse_ctrl:mousectrl|newdata'
Slack : 0.250
TNS   : 0.000

Type  : Slow 1100mV 0C Model Hold 'mouse:mouse_position|atualiza_posicao:recebe_posicao|mouse_ctrl:mousectrl|ps2_iobase:ps2io|parchecked'
Slack : 0.269
TNS   : 0.000

Type  : Slow 1100mV 0C Model Hold 'mouse:mouse_position|atualiza_posicao:recebe_posicao|mouse_ctrl:mousectrl|ps2_iobase:ps2io|sigtrigger'
Slack : 0.359
TNS   : 0.000

Type  : Slow 1100mV 0C Model Hold 'mouse_monitor|vga_component|divider|vga_pll_inst|altera_pll_i|general[0].gpll~PLL_OUTPUT_COUNTER|divclk'
Slack : 0.409
TNS   : 0.000

Type  : Slow 1100mV 0C Model Hold 'mouse:mouse_position|valida_clique:acoes_clique|mouse_ctrl:mousectrl|ps2_iobase:ps2io|parchecked'
Slack : 0.716
TNS   : 0.000

Type  : Slow 1100mV 0C Model Hold 'mouse:mouse_position|atualiza_posicao:recebe_posicao|x[1]'
Slack : 0.985
TNS   : 0.000

Type  : Slow 1100mV 0C Model Hold 'mouse:mouse_position|atualiza_posicao:recebe_posicao|y[0]'
Slack : 1.377
TNS   : 0.000

Type  : Slow 1100mV 0C Model Hold 'mouse:mouse_position|atualiza_posicao:recebe_posicao|mouse_ctrl:mousectrl|sigsend'
Slack : 2.271
TNS   : 0.000

Type  : Slow 1100mV 0C Model Hold 'mouse:mouse_position|valida_clique:acoes_clique|mouse_ctrl:mousectrl|sigsend'
Slack : 2.369
TNS   : 0.000

Type  : Slow 1100mV 0C Model Recovery 'mouse:mouse_position|valida_clique:acoes_clique|mouse_ctrl:mousectrl|ps2_iobase:ps2io|sigtrigger'
Slack : -3.896
TNS   : -61.459

Type  : Slow 1100mV 0C Model Recovery 'mouse:mouse_position|atualiza_posicao:recebe_posicao|mouse_ctrl:mousectrl|ps2_iobase:ps2io|sigtrigger'
Slack : -3.420
TNS   : -68.262

Type  : Slow 1100mV 0C Model Recovery 'mouse:mouse_position|atualiza_posicao:recebe_posicao|mouse_ctrl:mousectrl|sigsend'
Slack : -2.495
TNS   : -21.889

Type  : Slow 1100mV 0C Model Recovery 'mouse:mouse_position|valida_clique:acoes_clique|mouse_ctrl:mousectrl|sigsend'
Slack : -2.387
TNS   : -20.759

Type  : Slow 1100mV 0C Model Recovery 'CLOCK_50'
Slack : -2.290
TNS   : -149.471

Type  : Slow 1100mV 0C Model Removal 'CLOCK_50'
Slack : 0.190
TNS   : 0.000

Type  : Slow 1100mV 0C Model Removal 'mouse:mouse_position|valida_clique:acoes_clique|mouse_ctrl:mousectrl|ps2_iobase:ps2io|sigtrigger'
Slack : 1.143
TNS   : 0.000

Type  : Slow 1100mV 0C Model Removal 'mouse:mouse_position|atualiza_posicao:recebe_posicao|mouse_ctrl:mousectrl|ps2_iobase:ps2io|sigtrigger'
Slack : 1.562
TNS   : 0.000

Type  : Slow 1100mV 0C Model Removal 'mouse:mouse_position|atualiza_posicao:recebe_posicao|mouse_ctrl:mousectrl|sigsend'
Slack : 1.577
TNS   : 0.000

Type  : Slow 1100mV 0C Model Removal 'mouse:mouse_position|valida_clique:acoes_clique|mouse_ctrl:mousectrl|sigsend'
Slack : 1.608
TNS   : 0.000

Type  : Slow 1100mV 0C Model Minimum Pulse Width 'mouse:mouse_position|atualiza_posicao:recebe_posicao|mouse_ctrl:mousectrl|newdata'
Slack : -0.394
TNS   : -30.103

Type  : Slow 1100mV 0C Model Minimum Pulse Width 'mouse:mouse_position|atualiza_posicao:recebe_posicao|mouse_ctrl:mousectrl|ps2_iobase:ps2io|parchecked'
Slack : -0.394
TNS   : -14.350

Type  : Slow 1100mV 0C Model Minimum Pulse Width 'mouse:mouse_position|atualiza_posicao:recebe_posicao|mouse_ctrl:mousectrl|ps2_iobase:ps2io|sigtrigger'
Slack : -0.394
TNS   : -14.057

Type  : Slow 1100mV 0C Model Minimum Pulse Width 'mouse:mouse_position|valida_clique:acoes_clique|mouse_ctrl:mousectrl|ps2_iobase:ps2io|sigtrigger'
Slack : -0.394
TNS   : -13.305

Type  : Slow 1100mV 0C Model Minimum Pulse Width 'mouse:mouse_position|atualiza_posicao:recebe_posicao|mouse_ctrl:mousectrl|sigsend'
Slack : -0.394
TNS   : -4.807

Type  : Slow 1100mV 0C Model Minimum Pulse Width 'mouse:mouse_position|valida_clique:acoes_clique|mouse_ctrl:mousectrl|sigsend'
Slack : -0.394
TNS   : -4.724

Type  : Slow 1100mV 0C Model Minimum Pulse Width 'mouse:mouse_position|valida_clique:acoes_clique|mouse_ctrl:mousectrl|ps2_iobase:ps2io|parchecked'
Slack : -0.394
TNS   : -2.707

Type  : Slow 1100mV 0C Model Minimum Pulse Width 'mouse:mouse_position|valida_clique:acoes_clique|mouse_ctrl:mousectrl|newdata'
Slack : -0.394
TNS   : -2.380

Type  : Slow 1100mV 0C Model Minimum Pulse Width 'mouse_monitor|vga_component|divider|vga_pll_inst|altera_pll_i|general[0].gpll~FRACTIONAL_PLL|vcoph[0]'
Slack : 0.325
TNS   : 0.000

Type  : Slow 1100mV 0C Model Minimum Pulse Width 'mouse:mouse_position|atualiza_posicao:recebe_posicao|x[1]'
Slack : 0.362
TNS   : 0.000

Type  : Slow 1100mV 0C Model Minimum Pulse Width 'mouse:mouse_position|atualiza_posicao:recebe_posicao|y[0]'
Slack : 0.399
TNS   : 0.000

Type  : Slow 1100mV 0C Model Minimum Pulse Width 'CLOCK_50'
Slack : 8.840
TNS   : 0.000

Type  : Slow 1100mV 0C Model Minimum Pulse Width 'mouse_monitor|vga_component|divider|vga_pll_inst|altera_pll_i|general[0].gpll~PLL_OUTPUT_COUNTER|divclk'
Slack : 18.630
TNS   : 0.000

Type  : Fast 1100mV 85C Model Setup 'mouse:mouse_position|atualiza_posicao:recebe_posicao|mouse_ctrl:mousectrl|newdata'
Slack : -14.470
TNS   : -641.475

Type  : Fast 1100mV 85C Model Setup 'mouse:mouse_position|atualiza_posicao:recebe_posicao|y[0]'
Slack : -4.388
TNS   : -6.610

Type  : Fast 1100mV 85C Model Setup 'mouse:mouse_position|atualiza_posicao:recebe_posicao|x[1]'
Slack : -3.885
TNS   : -6.127

Type  : Fast 1100mV 85C Model Setup 'mouse:mouse_position|valida_clique:acoes_clique|mouse_ctrl:mousectrl|newdata'
Slack : -2.734
TNS   : -10.936

Type  : Fast 1100mV 85C Model Setup 'CLOCK_50'
Slack : -2.668
TNS   : -208.291

Type  : Fast 1100mV 85C Model Setup 'mouse:mouse_position|atualiza_posicao:recebe_posicao|mouse_ctrl:mousectrl|ps2_iobase:ps2io|parchecked'
Slack : -2.043
TNS   : -45.268

Type  : Fast 1100mV 85C Model Setup 'mouse:mouse_position|valida_clique:acoes_clique|mouse_ctrl:mousectrl|ps2_iobase:ps2io|sigtrigger'
Slack : -2.010
TNS   : -28.490

Type  : Fast 1100mV 85C Model Setup 'mouse:mouse_position|atualiza_posicao:recebe_posicao|mouse_ctrl:mousectrl|ps2_iobase:ps2io|sigtrigger'
Slack : -1.790
TNS   : -27.223

Type  : Fast 1100mV 85C Model Setup 'mouse:mouse_position|atualiza_posicao:recebe_posicao|mouse_ctrl:mousectrl|sigsend'
Slack : -1.670
TNS   : -11.726

Type  : Fast 1100mV 85C Model Setup 'mouse:mouse_position|valida_clique:acoes_clique|mouse_ctrl:mousectrl|ps2_iobase:ps2io|parchecked'
Slack : -1.662
TNS   : -6.030

Type  : Fast 1100mV 85C Model Setup 'mouse:mouse_position|valida_clique:acoes_clique|mouse_ctrl:mousectrl|sigsend'
Slack : -1.624
TNS   : -11.883

Type  : Fast 1100mV 85C Model Setup 'mouse_monitor|vga_component|divider|vga_pll_inst|altera_pll_i|general[0].gpll~PLL_OUTPUT_COUNTER|divclk'
Slack : 30.623
TNS   : 0.000

Type  : Fast 1100mV 85C Model Hold 'mouse:mouse_position|atualiza_posicao:recebe_posicao|mouse_ctrl:mousectrl|newdata'
Slack : -0.255
TNS   : -0.541

Type  : Fast 1100mV 85C Model Hold 'mouse:mouse_position|valida_clique:acoes_clique|mouse_ctrl:mousectrl|ps2_iobase:ps2io|sigtrigger'
Slack : -0.074
TNS   : -0.074

Type  : Fast 1100mV 85C Model Hold 'mouse:mouse_position|valida_clique:acoes_clique|mouse_ctrl:mousectrl|newdata'
Slack : -0.046
TNS   : -0.136

Type  : Fast 1100mV 85C Model Hold 'mouse:mouse_position|atualiza_posicao:recebe_posicao|mouse_ctrl:mousectrl|ps2_iobase:ps2io|parchecked'
Slack : -0.031
TNS   : -0.031

Type  : Fast 1100mV 85C Model Hold 'mouse:mouse_position|atualiza_posicao:recebe_posicao|mouse_ctrl:mousectrl|ps2_iobase:ps2io|sigtrigger'
Slack : -0.005
TNS   : -0.005

Type  : Fast 1100mV 85C Model Hold 'CLOCK_50'
Slack : 0.049
TNS   : 0.000

Type  : Fast 1100mV 85C Model Hold 'mouse_monitor|vga_component|divider|vga_pll_inst|altera_pll_i|general[0].gpll~PLL_OUTPUT_COUNTER|divclk'
Slack : 0.262
TNS   : 0.000

Type  : Fast 1100mV 85C Model Hold 'mouse:mouse_position|valida_clique:acoes_clique|mouse_ctrl:mousectrl|ps2_iobase:ps2io|parchecked'
Slack : 0.339
TNS   : 0.000

Type  : Fast 1100mV 85C Model Hold 'mouse:mouse_position|atualiza_posicao:recebe_posicao|x[1]'
Slack : 0.513
TNS   : 0.000

Type  : Fast 1100mV 85C Model Hold 'mouse:mouse_position|atualiza_posicao:recebe_posicao|mouse_ctrl:mousectrl|sigsend'
Slack : 1.031
TNS   : 0.000

Type  : Fast 1100mV 85C Model Hold 'mouse:mouse_position|valida_clique:acoes_clique|mouse_ctrl:mousectrl|sigsend'
Slack : 1.075
TNS   : 0.000

Type  : Fast 1100mV 85C Model Hold 'mouse:mouse_position|atualiza_posicao:recebe_posicao|y[0]'
Slack : 1.105
TNS   : 0.000

Type  : Fast 1100mV 85C Model Recovery 'mouse:mouse_position|atualiza_posicao:recebe_posicao|mouse_ctrl:mousectrl|ps2_iobase:ps2io|sigtrigger'
Slack : -1.924
TNS   : -38.527

Type  : Fast 1100mV 85C Model Recovery 'mouse:mouse_position|valida_clique:acoes_clique|mouse_ctrl:mousectrl|ps2_iobase:ps2io|sigtrigger'
Slack : -1.888
TNS   : -33.134

Type  : Fast 1100mV 85C Model Recovery 'CLOCK_50'
Slack : -1.829
TNS   : -121.765

Type  : Fast 1100mV 85C Model Recovery 'mouse:mouse_position|atualiza_posicao:recebe_posicao|mouse_ctrl:mousectrl|sigsend'
Slack : -1.465
TNS   : -12.740

Type  : Fast 1100mV 85C Model Recovery 'mouse:mouse_position|valida_clique:acoes_clique|mouse_ctrl:mousectrl|sigsend'
Slack : -1.355
TNS   : -11.723

Type  : Fast 1100mV 85C Model Removal 'CLOCK_50'
Slack : 0.291
TNS   : 0.000

Type  : Fast 1100mV 85C Model Removal 'mouse:mouse_position|valida_clique:acoes_clique|mouse_ctrl:mousectrl|ps2_iobase:ps2io|sigtrigger'
Slack : 0.420
TNS   : 0.000

Type  : Fast 1100mV 85C Model Removal 'mouse:mouse_position|atualiza_posicao:recebe_posicao|mouse_ctrl:mousectrl|ps2_iobase:ps2io|sigtrigger'
Slack : 0.761
TNS   : 0.000

Type  : Fast 1100mV 85C Model Removal 'mouse:mouse_position|atualiza_posicao:recebe_posicao|mouse_ctrl:mousectrl|sigsend'
Slack : 0.774
TNS   : 0.000

Type  : Fast 1100mV 85C Model Removal 'mouse:mouse_position|valida_clique:acoes_clique|mouse_ctrl:mousectrl|sigsend'
Slack : 0.797
TNS   : 0.000

Type  : Fast 1100mV 85C Model Minimum Pulse Width 'mouse:mouse_position|valida_clique:acoes_clique|mouse_ctrl:mousectrl|ps2_iobase:ps2io|parchecked'
Slack : -0.090
TNS   : -0.306

Type  : Fast 1100mV 85C Model Minimum Pulse Width 'mouse:mouse_position|valida_clique:acoes_clique|mouse_ctrl:mousectrl|ps2_iobase:ps2io|sigtrigger'
Slack : -0.075
TNS   : -0.296

Type  : Fast 1100mV 85C Model Minimum Pulse Width 'mouse:mouse_position|atualiza_posicao:recebe_posicao|mouse_ctrl:mousectrl|ps2_iobase:ps2io|parchecked'
Slack : -0.067
TNS   : -0.617

Type  : Fast 1100mV 85C Model Minimum Pulse Width 'mouse:mouse_position|atualiza_posicao:recebe_posicao|mouse_ctrl:mousectrl|newdata'
Slack : -0.062
TNS   : -1.662

Type  : Fast 1100mV 85C Model Minimum Pulse Width 'mouse:mouse_position|atualiza_posicao:recebe_posicao|mouse_ctrl:mousectrl|ps2_iobase:ps2io|sigtrigger'
Slack : -0.046
TNS   : -0.215

Type  : Fast 1100mV 85C Model Minimum Pulse Width 'mouse:mouse_position|valida_clique:acoes_clique|mouse_ctrl:mousectrl|newdata'
Slack : 0.026
TNS   : 0.000

Type  : Fast 1100mV 85C Model Minimum Pulse Width 'mouse:mouse_position|atualiza_posicao:recebe_posicao|mouse_ctrl:mousectrl|sigsend'
Slack : 0.061
TNS   : 0.000

Type  : Fast 1100mV 85C Model Minimum Pulse Width 'mouse:mouse_position|valida_clique:acoes_clique|mouse_ctrl:mousectrl|sigsend'
Slack : 0.103
TNS   : 0.000

Type  : Fast 1100mV 85C Model Minimum Pulse Width 'mouse_monitor|vga_component|divider|vga_pll_inst|altera_pll_i|general[0].gpll~FRACTIONAL_PLL|vcoph[0]'
Slack : 0.325
TNS   : 0.000

Type  : Fast 1100mV 85C Model Minimum Pulse Width 'mouse:mouse_position|atualiza_posicao:recebe_posicao|y[0]'
Slack : 0.434
TNS   : 0.000

Type  : Fast 1100mV 85C Model Minimum Pulse Width 'mouse:mouse_position|atualiza_posicao:recebe_posicao|x[1]'
Slack : 0.444
TNS   : 0.000

Type  : Fast 1100mV 85C Model Minimum Pulse Width 'CLOCK_50'
Slack : 8.834
TNS   : 0.000

Type  : Fast 1100mV 85C Model Minimum Pulse Width 'mouse_monitor|vga_component|divider|vga_pll_inst|altera_pll_i|general[0].gpll~PLL_OUTPUT_COUNTER|divclk'
Slack : 18.756
TNS   : 0.000

Type  : Fast 1100mV 0C Model Setup 'mouse:mouse_position|atualiza_posicao:recebe_posicao|mouse_ctrl:mousectrl|newdata'
Slack : -13.768
TNS   : -609.527

Type  : Fast 1100mV 0C Model Setup 'mouse:mouse_position|atualiza_posicao:recebe_posicao|y[0]'
Slack : -3.843
TNS   : -5.824

Type  : Fast 1100mV 0C Model Setup 'mouse:mouse_position|atualiza_posicao:recebe_posicao|x[1]'
Slack : -3.433
TNS   : -5.418

Type  : Fast 1100mV 0C Model Setup 'mouse:mouse_position|valida_clique:acoes_clique|mouse_ctrl:mousectrl|newdata'
Slack : -2.611
TNS   : -10.444

Type  : Fast 1100mV 0C Model Setup 'CLOCK_50'
Slack : -2.094
TNS   : -152.100

Type  : Fast 1100mV 0C Model Setup 'mouse:mouse_position|atualiza_posicao:recebe_posicao|mouse_ctrl:mousectrl|ps2_iobase:ps2io|parchecked'
Slack : -1.989
TNS   : -43.383

Type  : Fast 1100mV 0C Model Setup 'mouse:mouse_position|valida_clique:acoes_clique|mouse_ctrl:mousectrl|ps2_iobase:ps2io|sigtrigger'
Slack : -1.926
TNS   : -25.739

Type  : Fast 1100mV 0C Model Setup 'mouse:mouse_position|atualiza_posicao:recebe_posicao|mouse_ctrl:mousectrl|ps2_iobase:ps2io|sigtrigger'
Slack : -1.746
TNS   : -24.757

Type  : Fast 1100mV 0C Model Setup 'mouse:mouse_position|valida_clique:acoes_clique|mouse_ctrl:mousectrl|ps2_iobase:ps2io|parchecked'
Slack : -1.649
TNS   : -5.974

Type  : Fast 1100mV 0C Model Setup 'mouse:mouse_position|atualiza_posicao:recebe_posicao|mouse_ctrl:mousectrl|sigsend'
Slack : -1.627
TNS   : -11.585

Type  : Fast 1100mV 0C Model Setup 'mouse:mouse_position|valida_clique:acoes_clique|mouse_ctrl:mousectrl|sigsend'
Slack : -1.595
TNS   : -11.774

Type  : Fast 1100mV 0C Model Setup 'mouse_monitor|vga_component|divider|vga_pll_inst|altera_pll_i|general[0].gpll~PLL_OUTPUT_COUNTER|divclk'
Slack : 31.534
TNS   : 0.000

Type  : Fast 1100mV 0C Model Hold 'mouse:mouse_position|atualiza_posicao:recebe_posicao|mouse_ctrl:mousectrl|newdata'
Slack : -0.195
TNS   : -0.360

Type  : Fast 1100mV 0C Model Hold 'CLOCK_50'
Slack : -0.151
TNS   : -1.041

Type  : Fast 1100mV 0C Model Hold 'mouse:mouse_position|valida_clique:acoes_clique|mouse_ctrl:mousectrl|newdata'
Slack : -0.111
TNS   : -0.331

Type  : Fast 1100mV 0C Model Hold 'mouse:mouse_position|valida_clique:acoes_clique|mouse_ctrl:mousectrl|ps2_iobase:ps2io|sigtrigger'
Slack : -0.102
TNS   : -0.153

Type  : Fast 1100mV 0C Model Hold 'mouse:mouse_position|atualiza_posicao:recebe_posicao|mouse_ctrl:mousectrl|ps2_iobase:ps2io|parchecked'
Slack : -0.071
TNS   : -0.141

Type  : Fast 1100mV 0C Model Hold 'mouse:mouse_position|atualiza_posicao:recebe_posicao|mouse_ctrl:mousectrl|ps2_iobase:ps2io|sigtrigger'
Slack : -0.055
TNS   : -0.082

Type  : Fast 1100mV 0C Model Hold 'mouse_monitor|vga_component|divider|vga_pll_inst|altera_pll_i|general[0].gpll~PLL_OUTPUT_COUNTER|divclk'
Slack : 0.245
TNS   : 0.000

Type  : Fast 1100mV 0C Model Hold 'mouse:mouse_position|valida_clique:acoes_clique|mouse_ctrl:mousectrl|ps2_iobase:ps2io|parchecked'
Slack : 0.290
TNS   : 0.000

Type  : Fast 1100mV 0C Model Hold 'mouse:mouse_position|atualiza_posicao:recebe_posicao|x[1]'
Slack : 0.381
TNS   : 0.000

Type  : Fast 1100mV 0C Model Hold 'mouse:mouse_position|atualiza_posicao:recebe_posicao|y[0]'
Slack : 0.945
TNS   : 0.000

Type  : Fast 1100mV 0C Model Hold 'mouse:mouse_position|atualiza_posicao:recebe_posicao|mouse_ctrl:mousectrl|sigsend'
Slack : 1.041
TNS   : 0.000

Type  : Fast 1100mV 0C Model Hold 'mouse:mouse_position|valida_clique:acoes_clique|mouse_ctrl:mousectrl|sigsend'
Slack : 1.088
TNS   : 0.000

Type  : Fast 1100mV 0C Model Recovery 'mouse:mouse_position|valida_clique:acoes_clique|mouse_ctrl:mousectrl|ps2_iobase:ps2io|sigtrigger'
Slack : -1.809
TNS   : -29.303

Type  : Fast 1100mV 0C Model Recovery 'mouse:mouse_position|atualiza_posicao:recebe_posicao|mouse_ctrl:mousectrl|ps2_iobase:ps2io|sigtrigger'
Slack : -1.624
TNS   : -33.853

Type  : Fast 1100mV 0C Model Recovery 'CLOCK_50'
Slack : -1.367
TNS   : -88.138

Type  : Fast 1100mV 0C Model Recovery 'mouse:mouse_position|atualiza_posicao:recebe_posicao|mouse_ctrl:mousectrl|sigsend'
Slack : -1.257
TNS   : -10.908

Type  : Fast 1100mV 0C Model Recovery 'mouse:mouse_position|valida_clique:acoes_clique|mouse_ctrl:mousectrl|sigsend'
Slack : -1.155
TNS   : -9.979

Type  : Fast 1100mV 0C Model Removal 'CLOCK_50'
Slack : 0.011
TNS   : 0.000

Type  : Fast 1100mV 0C Model Removal 'mouse:mouse_position|valida_clique:acoes_clique|mouse_ctrl:mousectrl|ps2_iobase:ps2io|sigtrigger'
Slack : 0.329
TNS   : 0.000

Type  : Fast 1100mV 0C Model Removal 'mouse:mouse_position|atualiza_posicao:recebe_posicao|mouse_ctrl:mousectrl|sigsend'
Slack : 0.635
TNS   : 0.000

Type  : Fast 1100mV 0C Model Removal 'mouse:mouse_position|atualiza_posicao:recebe_posicao|mouse_ctrl:mousectrl|ps2_iobase:ps2io|sigtrigger'
Slack : 0.637
TNS   : 0.000

Type  : Fast 1100mV 0C Model Removal 'mouse:mouse_position|valida_clique:acoes_clique|mouse_ctrl:mousectrl|sigsend'
Slack : 0.647
TNS   : 0.000

Type  : Fast 1100mV 0C Model Minimum Pulse Width 'mouse:mouse_position|valida_clique:acoes_clique|mouse_ctrl:mousectrl|ps2_iobase:ps2io|sigtrigger'
Slack : -0.033
TNS   : -0.129

Type  : Fast 1100mV 0C Model Minimum Pulse Width 'mouse:mouse_position|valida_clique:acoes_clique|mouse_ctrl:mousectrl|ps2_iobase:ps2io|parchecked'
Slack : -0.030
TNS   : -0.098

Type  : Fast 1100mV 0C Model Minimum Pulse Width 'mouse:mouse_position|atualiza_posicao:recebe_posicao|mouse_ctrl:mousectrl|newdata'
Slack : -0.026
TNS   : -0.560

Type  : Fast 1100mV 0C Model Minimum Pulse Width 'mouse:mouse_position|atualiza_posicao:recebe_posicao|mouse_ctrl:mousectrl|ps2_iobase:ps2io|parchecked'
Slack : -0.014
TNS   : -0.112

Type  : Fast 1100mV 0C Model Minimum Pulse Width 'mouse:mouse_position|atualiza_posicao:recebe_posicao|mouse_ctrl:mousectrl|ps2_iobase:ps2io|sigtrigger'
Slack : -0.001
TNS   : -0.001

Type  : Fast 1100mV 0C Model Minimum Pulse Width 'mouse:mouse_position|valida_clique:acoes_clique|mouse_ctrl:mousectrl|newdata'
Slack : 0.046
TNS   : 0.000

Type  : Fast 1100mV 0C Model Minimum Pulse Width 'mouse:mouse_position|atualiza_posicao:recebe_posicao|mouse_ctrl:mousectrl|sigsend'
Slack : 0.086
TNS   : 0.000

Type  : Fast 1100mV 0C Model Minimum Pulse Width 'mouse:mouse_position|valida_clique:acoes_clique|mouse_ctrl:mousectrl|sigsend'
Slack : 0.115
TNS   : 0.000

Type  : Fast 1100mV 0C Model Minimum Pulse Width 'mouse_monitor|vga_component|divider|vga_pll_inst|altera_pll_i|general[0].gpll~FRACTIONAL_PLL|vcoph[0]'
Slack : 0.325
TNS   : 0.000

Type  : Fast 1100mV 0C Model Minimum Pulse Width 'mouse:mouse_position|atualiza_posicao:recebe_posicao|x[1]'
Slack : 0.450
TNS   : 0.000

Type  : Fast 1100mV 0C Model Minimum Pulse Width 'mouse:mouse_position|atualiza_posicao:recebe_posicao|y[0]'
Slack : 0.455
TNS   : 0.000

Type  : Fast 1100mV 0C Model Minimum Pulse Width 'CLOCK_50'
Slack : 8.827
TNS   : 0.000

Type  : Fast 1100mV 0C Model Minimum Pulse Width 'mouse_monitor|vga_component|divider|vga_pll_inst|altera_pll_i|general[0].gpll~PLL_OUTPUT_COUNTER|divclk'
Slack : 18.752
TNS   : 0.000

------------------------------------------------------------
