------------------------------------------------------------
TimeQuest Timing Analyzer Summary
------------------------------------------------------------

Type  : Slow 1100mV 85C Model Setup 'mouse:mouse_position|atualiza_posicao:recebe_posicao|mouse_ctrl:mousectrl|newdata'
Slack : -27.717
TNS   : -1224.329

Type  : Slow 1100mV 85C Model Setup 'mouse:mouse_position|atualiza_posicao:recebe_posicao|x[1]'
Slack : -5.970
TNS   : -10.094

Type  : Slow 1100mV 85C Model Setup 'mouse:mouse_position|atualiza_posicao:recebe_posicao|y[0]'
Slack : -5.883
TNS   : -9.326

Type  : Slow 1100mV 85C Model Setup 'mouse:mouse_position|atualiza_posicao:recebe_posicao|mouse_ctrl:mousectrl|ps2_iobase:ps2io|parchecked'
Slack : -4.131
TNS   : -93.537

Type  : Slow 1100mV 85C Model Setup 'CLOCK_50'
Slack : -3.800
TNS   : -273.760

Type  : Slow 1100mV 85C Model Setup 'mouse:mouse_position|valida_clique:acoes_clique|mouse_ctrl:mousectrl|ps2_iobase:ps2io|parchecked'
Slack : -3.773
TNS   : -14.487

Type  : Slow 1100mV 85C Model Setup 'mouse:mouse_position|atualiza_posicao:recebe_posicao|mouse_ctrl:mousectrl|ps2_iobase:ps2io|sigtrigger'
Slack : -3.759
TNS   : -53.498

Type  : Slow 1100mV 85C Model Setup 'KEY[0]'
Slack : -3.683
TNS   : -13.672

Type  : Slow 1100mV 85C Model Setup 'mouse:mouse_position|atualiza_posicao:recebe_posicao|mouse_ctrl:mousectrl|sigsend'
Slack : -3.459
TNS   : -23.987

Type  : Slow 1100mV 85C Model Setup 'mouse:mouse_position|valida_clique:acoes_clique|mouse_ctrl:mousectrl|ps2_iobase:ps2io|sigtrigger'
Slack : -3.415
TNS   : -52.704

Type  : Slow 1100mV 85C Model Setup 'mouse:mouse_position|valida_clique:acoes_clique|mouse_ctrl:mousectrl|sigsend'
Slack : -3.282
TNS   : -24.467

Type  : Slow 1100mV 85C Model Setup 'mouse:mouse_position|valida_clique:acoes_clique|mouse_ctrl:mousectrl|newdata'
Slack : -2.692
TNS   : -8.014

Type  : Slow 1100mV 85C Model Setup 'mouse_monitor|vga_component|divider|vga_pll_inst|altera_pll_i|general[0].gpll~PLL_OUTPUT_COUNTER|divclk'
Slack : 26.792
TNS   : 0.000

Type  : Slow 1100mV 85C Model Hold 'mouse:mouse_position|atualiza_posicao:recebe_posicao|mouse_ctrl:mousectrl|ps2_iobase:ps2io|parchecked'
Slack : 0.166
TNS   : 0.000

Type  : Slow 1100mV 85C Model Hold 'mouse:mouse_position|valida_clique:acoes_clique|mouse_ctrl:mousectrl|ps2_iobase:ps2io|sigtrigger'
Slack : 0.215
TNS   : 0.000

Type  : Slow 1100mV 85C Model Hold 'CLOCK_50'
Slack : 0.227
TNS   : 0.000

Type  : Slow 1100mV 85C Model Hold 'mouse:mouse_position|atualiza_posicao:recebe_posicao|mouse_ctrl:mousectrl|newdata'
Slack : 0.276
TNS   : 0.000

Type  : Slow 1100mV 85C Model Hold 'mouse_monitor|vga_component|divider|vga_pll_inst|altera_pll_i|general[0].gpll~PLL_OUTPUT_COUNTER|divclk'
Slack : 0.365
TNS   : 0.000

Type  : Slow 1100mV 85C Model Hold 'mouse:mouse_position|atualiza_posicao:recebe_posicao|mouse_ctrl:mousectrl|ps2_iobase:ps2io|sigtrigger'
Slack : 0.381
TNS   : 0.000

Type  : Slow 1100mV 85C Model Hold 'mouse:mouse_position|valida_clique:acoes_clique|mouse_ctrl:mousectrl|newdata'
Slack : 0.581
TNS   : 0.000

Type  : Slow 1100mV 85C Model Hold 'mouse:mouse_position|valida_clique:acoes_clique|mouse_ctrl:mousectrl|ps2_iobase:ps2io|parchecked'
Slack : 0.748
TNS   : 0.000

Type  : Slow 1100mV 85C Model Hold 'mouse:mouse_position|atualiza_posicao:recebe_posicao|x[1]'
Slack : 0.779
TNS   : 0.000

Type  : Slow 1100mV 85C Model Hold 'KEY[0]'
Slack : 0.903
TNS   : 0.000

Type  : Slow 1100mV 85C Model Hold 'mouse:mouse_position|atualiza_posicao:recebe_posicao|y[0]'
Slack : 1.128
TNS   : 0.000

Type  : Slow 1100mV 85C Model Hold 'mouse:mouse_position|atualiza_posicao:recebe_posicao|mouse_ctrl:mousectrl|sigsend'
Slack : 2.074
TNS   : 0.000

Type  : Slow 1100mV 85C Model Hold 'mouse:mouse_position|valida_clique:acoes_clique|mouse_ctrl:mousectrl|sigsend'
Slack : 2.254
TNS   : 0.000

Type  : Slow 1100mV 85C Model Recovery 'mouse:mouse_position|atualiza_posicao:recebe_posicao|mouse_ctrl:mousectrl|ps2_iobase:ps2io|parchecked'
Slack : -7.276
TNS   : -150.917

Type  : Slow 1100mV 85C Model Recovery 'mouse:mouse_position|atualiza_posicao:recebe_posicao|mouse_ctrl:mousectrl|newdata'
Slack : -7.068
TNS   : -314.251

Type  : Slow 1100mV 85C Model Recovery 'mouse:mouse_position|valida_clique:acoes_clique|mouse_ctrl:mousectrl|ps2_iobase:ps2io|parchecked'
Slack : -6.892
TNS   : -23.039

Type  : Slow 1100mV 85C Model Recovery 'mouse:mouse_position|valida_clique:acoes_clique|mouse_ctrl:mousectrl|newdata'
Slack : -6.853
TNS   : -20.553

Type  : Slow 1100mV 85C Model Recovery 'mouse:mouse_position|atualiza_posicao:recebe_posicao|mouse_ctrl:mousectrl|sigsend'
Slack : -5.190
TNS   : -45.541

Type  : Slow 1100mV 85C Model Recovery 'mouse:mouse_position|valida_clique:acoes_clique|mouse_ctrl:mousectrl|sigsend'
Slack : -5.042
TNS   : -32.360

Type  : Slow 1100mV 85C Model Recovery 'mouse:mouse_position|atualiza_posicao:recebe_posicao|mouse_ctrl:mousectrl|ps2_iobase:ps2io|sigtrigger'
Slack : -4.959
TNS   : -78.335

Type  : Slow 1100mV 85C Model Recovery 'CLOCK_50'
Slack : -4.587
TNS   : -425.502

Type  : Slow 1100mV 85C Model Recovery 'mouse:mouse_position|valida_clique:acoes_clique|mouse_ctrl:mousectrl|ps2_iobase:ps2io|sigtrigger'
Slack : -3.691
TNS   : -67.946

Type  : Slow 1100mV 85C Model Recovery 'mouse_monitor|vga_component|divider|vga_pll_inst|altera_pll_i|general[0].gpll~PLL_OUTPUT_COUNTER|divclk'
Slack : -1.954
TNS   : -95.384

Type  : Slow 1100mV 85C Model Removal 'mouse_monitor|vga_component|divider|vga_pll_inst|altera_pll_i|general[0].gpll~PLL_OUTPUT_COUNTER|divclk'
Slack : -2.523
TNS   : -122.710

Type  : Slow 1100mV 85C Model Removal 'CLOCK_50'
Slack : 0.573
TNS   : 0.000

Type  : Slow 1100mV 85C Model Removal 'mouse:mouse_position|valida_clique:acoes_clique|mouse_ctrl:mousectrl|ps2_iobase:ps2io|sigtrigger'
Slack : 1.112
TNS   : 0.000

Type  : Slow 1100mV 85C Model Removal 'mouse:mouse_position|atualiza_posicao:recebe_posicao|mouse_ctrl:mousectrl|ps2_iobase:ps2io|parchecked'
Slack : 1.201
TNS   : 0.000

Type  : Slow 1100mV 85C Model Removal 'mouse:mouse_position|valida_clique:acoes_clique|mouse_ctrl:mousectrl|ps2_iobase:ps2io|parchecked'
Slack : 1.295
TNS   : 0.000

Type  : Slow 1100mV 85C Model Removal 'mouse:mouse_position|atualiza_posicao:recebe_posicao|mouse_ctrl:mousectrl|ps2_iobase:ps2io|sigtrigger'
Slack : 1.706
TNS   : 0.000

Type  : Slow 1100mV 85C Model Removal 'mouse:mouse_position|valida_clique:acoes_clique|mouse_ctrl:mousectrl|sigsend'
Slack : 2.107
TNS   : 0.000

Type  : Slow 1100mV 85C Model Removal 'mouse:mouse_position|atualiza_posicao:recebe_posicao|mouse_ctrl:mousectrl|sigsend'
Slack : 3.135
TNS   : 0.000

Type  : Slow 1100mV 85C Model Removal 'mouse:mouse_position|atualiza_posicao:recebe_posicao|mouse_ctrl:mousectrl|newdata'
Slack : 3.638
TNS   : 0.000

Type  : Slow 1100mV 85C Model Removal 'mouse:mouse_position|valida_clique:acoes_clique|mouse_ctrl:mousectrl|newdata'
Slack : 3.837
TNS   : 0.000

Type  : Slow 1100mV 85C Model Minimum Pulse Width 'mouse:mouse_position|atualiza_posicao:recebe_posicao|mouse_ctrl:mousectrl|newdata'
Slack : -0.394
TNS   : -28.327

Type  : Slow 1100mV 85C Model Minimum Pulse Width 'mouse:mouse_position|atualiza_posicao:recebe_posicao|mouse_ctrl:mousectrl|ps2_iobase:ps2io|parchecked'
Slack : -0.394
TNS   : -15.610

Type  : Slow 1100mV 85C Model Minimum Pulse Width 'mouse:mouse_position|valida_clique:acoes_clique|mouse_ctrl:mousectrl|ps2_iobase:ps2io|sigtrigger'
Slack : -0.394
TNS   : -12.448

Type  : Slow 1100mV 85C Model Minimum Pulse Width 'mouse:mouse_position|atualiza_posicao:recebe_posicao|mouse_ctrl:mousectrl|ps2_iobase:ps2io|sigtrigger'
Slack : -0.394
TNS   : -11.611

Type  : Slow 1100mV 85C Model Minimum Pulse Width 'mouse:mouse_position|atualiza_posicao:recebe_posicao|mouse_ctrl:mousectrl|sigsend'
Slack : -0.394
TNS   : -4.794

Type  : Slow 1100mV 85C Model Minimum Pulse Width 'mouse:mouse_position|valida_clique:acoes_clique|mouse_ctrl:mousectrl|sigsend'
Slack : -0.394
TNS   : -4.666

Type  : Slow 1100mV 85C Model Minimum Pulse Width 'mouse:mouse_position|valida_clique:acoes_clique|mouse_ctrl:mousectrl|ps2_iobase:ps2io|parchecked'
Slack : -0.394
TNS   : -2.503

Type  : Slow 1100mV 85C Model Minimum Pulse Width 'mouse:mouse_position|valida_clique:acoes_clique|mouse_ctrl:mousectrl|newdata'
Slack : -0.394
TNS   : -1.872

Type  : Slow 1100mV 85C Model Minimum Pulse Width 'KEY[0]'
Slack : -0.060
TNS   : -0.198

Type  : Slow 1100mV 85C Model Minimum Pulse Width 'mouse:mouse_position|atualiza_posicao:recebe_posicao|x[1]'
Slack : 0.260
TNS   : 0.000

Type  : Slow 1100mV 85C Model Minimum Pulse Width 'mouse_monitor|vga_component|divider|vga_pll_inst|altera_pll_i|general[0].gpll~FRACTIONAL_PLL|vcoph[0]'
Slack : 0.325
TNS   : 0.000

Type  : Slow 1100mV 85C Model Minimum Pulse Width 'mouse:mouse_position|atualiza_posicao:recebe_posicao|y[0]'
Slack : 0.395
TNS   : 0.000

Type  : Slow 1100mV 85C Model Minimum Pulse Width 'CLOCK_50'
Slack : 8.882
TNS   : 0.000

Type  : Slow 1100mV 85C Model Minimum Pulse Width 'mouse_monitor|vga_component|divider|vga_pll_inst|altera_pll_i|general[0].gpll~PLL_OUTPUT_COUNTER|divclk'
Slack : 18.648
TNS   : 0.000

Type  : Slow 1100mV 0C Model Setup 'mouse:mouse_position|atualiza_posicao:recebe_posicao|mouse_ctrl:mousectrl|newdata'
Slack : -28.605
TNS   : -1261.044

Type  : Slow 1100mV 0C Model Setup 'mouse:mouse_position|atualiza_posicao:recebe_posicao|x[1]'
Slack : -5.783
TNS   : -9.736

Type  : Slow 1100mV 0C Model Setup 'mouse:mouse_position|atualiza_posicao:recebe_posicao|y[0]'
Slack : -5.666
TNS   : -9.008

Type  : Slow 1100mV 0C Model Setup 'mouse:mouse_position|atualiza_posicao:recebe_posicao|mouse_ctrl:mousectrl|ps2_iobase:ps2io|parchecked'
Slack : -4.200
TNS   : -94.433

Type  : Slow 1100mV 0C Model Setup 'mouse:mouse_position|valida_clique:acoes_clique|mouse_ctrl:mousectrl|ps2_iobase:ps2io|parchecked'
Slack : -3.944
TNS   : -15.196

Type  : Slow 1100mV 0C Model Setup 'mouse:mouse_position|atualiza_posicao:recebe_posicao|mouse_ctrl:mousectrl|ps2_iobase:ps2io|sigtrigger'
Slack : -3.776
TNS   : -53.564

Type  : Slow 1100mV 0C Model Setup 'KEY[0]'
Slack : -3.708
TNS   : -13.728

Type  : Slow 1100mV 0C Model Setup 'mouse:mouse_position|atualiza_posicao:recebe_posicao|mouse_ctrl:mousectrl|sigsend'
Slack : -3.582
TNS   : -24.933

Type  : Slow 1100mV 0C Model Setup 'CLOCK_50'
Slack : -3.496
TNS   : -233.907

Type  : Slow 1100mV 0C Model Setup 'mouse:mouse_position|valida_clique:acoes_clique|mouse_ctrl:mousectrl|ps2_iobase:ps2io|sigtrigger'
Slack : -3.450
TNS   : -52.817

Type  : Slow 1100mV 0C Model Setup 'mouse:mouse_position|valida_clique:acoes_clique|mouse_ctrl:mousectrl|sigsend'
Slack : -3.399
TNS   : -25.483

Type  : Slow 1100mV 0C Model Setup 'mouse:mouse_position|valida_clique:acoes_clique|mouse_ctrl:mousectrl|newdata'
Slack : -2.736
TNS   : -8.124

Type  : Slow 1100mV 0C Model Setup 'mouse_monitor|vga_component|divider|vga_pll_inst|altera_pll_i|general[0].gpll~PLL_OUTPUT_COUNTER|divclk'
Slack : 26.759
TNS   : 0.000

Type  : Slow 1100mV 0C Model Hold 'CLOCK_50'
Slack : -0.075
TNS   : -0.096

Type  : Slow 1100mV 0C Model Hold 'mouse:mouse_position|atualiza_posicao:recebe_posicao|mouse_ctrl:mousectrl|ps2_iobase:ps2io|parchecked'
Slack : 0.136
TNS   : 0.000

Type  : Slow 1100mV 0C Model Hold 'mouse:mouse_position|valida_clique:acoes_clique|mouse_ctrl:mousectrl|ps2_iobase:ps2io|sigtrigger'
Slack : 0.167
TNS   : 0.000

Type  : Slow 1100mV 0C Model Hold 'mouse:mouse_position|atualiza_posicao:recebe_posicao|mouse_ctrl:mousectrl|ps2_iobase:ps2io|sigtrigger'
Slack : 0.333
TNS   : 0.000

Type  : Slow 1100mV 0C Model Hold 'mouse_monitor|vga_component|divider|vga_pll_inst|altera_pll_i|general[0].gpll~PLL_OUTPUT_COUNTER|divclk'
Slack : 0.347
TNS   : 0.000

Type  : Slow 1100mV 0C Model Hold 'mouse:mouse_position|atualiza_posicao:recebe_posicao|mouse_ctrl:mousectrl|newdata'
Slack : 0.364
TNS   : 0.000

Type  : Slow 1100mV 0C Model Hold 'mouse:mouse_position|valida_clique:acoes_clique|mouse_ctrl:mousectrl|newdata'
Slack : 0.535
TNS   : 0.000

Type  : Slow 1100mV 0C Model Hold 'mouse:mouse_position|atualiza_posicao:recebe_posicao|x[1]'
Slack : 0.591
TNS   : 0.000

Type  : Slow 1100mV 0C Model Hold 'mouse:mouse_position|valida_clique:acoes_clique|mouse_ctrl:mousectrl|ps2_iobase:ps2io|parchecked'
Slack : 0.680
TNS   : 0.000

Type  : Slow 1100mV 0C Model Hold 'KEY[0]'
Slack : 0.898
TNS   : 0.000

Type  : Slow 1100mV 0C Model Hold 'mouse:mouse_position|atualiza_posicao:recebe_posicao|y[0]'
Slack : 0.986
TNS   : 0.000

Type  : Slow 1100mV 0C Model Hold 'mouse:mouse_position|atualiza_posicao:recebe_posicao|mouse_ctrl:mousectrl|sigsend'
Slack : 2.211
TNS   : 0.000

Type  : Slow 1100mV 0C Model Hold 'mouse:mouse_position|valida_clique:acoes_clique|mouse_ctrl:mousectrl|sigsend'
Slack : 2.375
TNS   : 0.000

Type  : Slow 1100mV 0C Model Recovery 'mouse:mouse_position|atualiza_posicao:recebe_posicao|mouse_ctrl:mousectrl|ps2_iobase:ps2io|parchecked'
Slack : -7.193
TNS   : -149.771

Type  : Slow 1100mV 0C Model Recovery 'mouse:mouse_position|atualiza_posicao:recebe_posicao|mouse_ctrl:mousectrl|newdata'
Slack : -7.008
TNS   : -312.221

Type  : Slow 1100mV 0C Model Recovery 'mouse:mouse_position|valida_clique:acoes_clique|mouse_ctrl:mousectrl|ps2_iobase:ps2io|parchecked'
Slack : -6.832
TNS   : -22.842

Type  : Slow 1100mV 0C Model Recovery 'mouse:mouse_position|valida_clique:acoes_clique|mouse_ctrl:mousectrl|newdata'
Slack : -6.813
TNS   : -20.431

Type  : Slow 1100mV 0C Model Recovery 'mouse:mouse_position|atualiza_posicao:recebe_posicao|mouse_ctrl:mousectrl|sigsend'
Slack : -5.026
TNS   : -44.065

Type  : Slow 1100mV 0C Model Recovery 'mouse:mouse_position|valida_clique:acoes_clique|mouse_ctrl:mousectrl|sigsend'
Slack : -4.883
TNS   : -31.848

Type  : Slow 1100mV 0C Model Recovery 'mouse:mouse_position|atualiza_posicao:recebe_posicao|mouse_ctrl:mousectrl|ps2_iobase:ps2io|sigtrigger'
Slack : -4.796
TNS   : -77.234

Type  : Slow 1100mV 0C Model Recovery 'CLOCK_50'
Slack : -4.378
TNS   : -393.617

Type  : Slow 1100mV 0C Model Recovery 'mouse:mouse_position|valida_clique:acoes_clique|mouse_ctrl:mousectrl|ps2_iobase:ps2io|sigtrigger'
Slack : -3.743
TNS   : -68.090

Type  : Slow 1100mV 0C Model Recovery 'mouse_monitor|vga_component|divider|vga_pll_inst|altera_pll_i|general[0].gpll~PLL_OUTPUT_COUNTER|divclk'
Slack : -1.767
TNS   : -86.255

Type  : Slow 1100mV 0C Model Removal 'mouse_monitor|vga_component|divider|vga_pll_inst|altera_pll_i|general[0].gpll~PLL_OUTPUT_COUNTER|divclk'
Slack : -2.515
TNS   : -122.120

Type  : Slow 1100mV 0C Model Removal 'CLOCK_50'
Slack : 0.268
TNS   : 0.000

Type  : Slow 1100mV 0C Model Removal 'mouse:mouse_position|valida_clique:acoes_clique|mouse_ctrl:mousectrl|ps2_iobase:ps2io|sigtrigger'
Slack : 1.021
TNS   : 0.000

Type  : Slow 1100mV 0C Model Removal 'mouse:mouse_position|atualiza_posicao:recebe_posicao|mouse_ctrl:mousectrl|ps2_iobase:ps2io|parchecked'
Slack : 1.257
TNS   : 0.000

Type  : Slow 1100mV 0C Model Removal 'mouse:mouse_position|valida_clique:acoes_clique|mouse_ctrl:mousectrl|ps2_iobase:ps2io|parchecked'
Slack : 1.324
TNS   : 0.000

Type  : Slow 1100mV 0C Model Removal 'mouse:mouse_position|atualiza_posicao:recebe_posicao|mouse_ctrl:mousectrl|ps2_iobase:ps2io|sigtrigger'
Slack : 1.572
TNS   : 0.000

Type  : Slow 1100mV 0C Model Removal 'mouse:mouse_position|valida_clique:acoes_clique|mouse_ctrl:mousectrl|sigsend'
Slack : 1.994
TNS   : 0.000

Type  : Slow 1100mV 0C Model Removal 'mouse:mouse_position|atualiza_posicao:recebe_posicao|mouse_ctrl:mousectrl|sigsend'
Slack : 2.979
TNS   : 0.000

Type  : Slow 1100mV 0C Model Removal 'mouse:mouse_position|atualiza_posicao:recebe_posicao|mouse_ctrl:mousectrl|newdata'
Slack : 3.744
TNS   : 0.000

Type  : Slow 1100mV 0C Model Removal 'mouse:mouse_position|valida_clique:acoes_clique|mouse_ctrl:mousectrl|newdata'
Slack : 3.933
TNS   : 0.000

Type  : Slow 1100mV 0C Model Minimum Pulse Width 'mouse:mouse_position|atualiza_posicao:recebe_posicao|mouse_ctrl:mousectrl|newdata'
Slack : -0.394
TNS   : -27.709

Type  : Slow 1100mV 0C Model Minimum Pulse Width 'mouse:mouse_position|atualiza_posicao:recebe_posicao|mouse_ctrl:mousectrl|ps2_iobase:ps2io|parchecked'
Slack : -0.394
TNS   : -15.195

Type  : Slow 1100mV 0C Model Minimum Pulse Width 'mouse:mouse_position|valida_clique:acoes_clique|mouse_ctrl:mousectrl|ps2_iobase:ps2io|sigtrigger'
Slack : -0.394
TNS   : -12.344

Type  : Slow 1100mV 0C Model Minimum Pulse Width 'mouse:mouse_position|atualiza_posicao:recebe_posicao|mouse_ctrl:mousectrl|ps2_iobase:ps2io|sigtrigger'
Slack : -0.394
TNS   : -11.485

Type  : Slow 1100mV 0C Model Minimum Pulse Width 'mouse:mouse_position|atualiza_posicao:recebe_posicao|mouse_ctrl:mousectrl|sigsend'
Slack : -0.394
TNS   : -4.730

Type  : Slow 1100mV 0C Model Minimum Pulse Width 'mouse:mouse_position|valida_clique:acoes_clique|mouse_ctrl:mousectrl|sigsend'
Slack : -0.394
TNS   : -4.661

Type  : Slow 1100mV 0C Model Minimum Pulse Width 'mouse:mouse_position|valida_clique:acoes_clique|mouse_ctrl:mousectrl|ps2_iobase:ps2io|parchecked'
Slack : -0.394
TNS   : -2.383

Type  : Slow 1100mV 0C Model Minimum Pulse Width 'mouse:mouse_position|valida_clique:acoes_clique|mouse_ctrl:mousectrl|newdata'
Slack : -0.394
TNS   : -1.869

Type  : Slow 1100mV 0C Model Minimum Pulse Width 'KEY[0]'
Slack : -0.070
TNS   : -0.154

Type  : Slow 1100mV 0C Model Minimum Pulse Width 'mouse:mouse_position|atualiza_posicao:recebe_posicao|x[1]'
Slack : 0.262
TNS   : 0.000

Type  : Slow 1100mV 0C Model Minimum Pulse Width 'mouse_monitor|vga_component|divider|vga_pll_inst|altera_pll_i|general[0].gpll~FRACTIONAL_PLL|vcoph[0]'
Slack : 0.325
TNS   : 0.000

Type  : Slow 1100mV 0C Model Minimum Pulse Width 'mouse:mouse_position|atualiza_posicao:recebe_posicao|y[0]'
Slack : 0.437
TNS   : 0.000

Type  : Slow 1100mV 0C Model Minimum Pulse Width 'CLOCK_50'
Slack : 8.832
TNS   : 0.000

Type  : Slow 1100mV 0C Model Minimum Pulse Width 'mouse_monitor|vga_component|divider|vga_pll_inst|altera_pll_i|general[0].gpll~PLL_OUTPUT_COUNTER|divclk'
Slack : 18.624
TNS   : 0.000

Type  : Fast 1100mV 85C Model Setup 'mouse:mouse_position|atualiza_posicao:recebe_posicao|mouse_ctrl:mousectrl|newdata'
Slack : -14.882
TNS   : -657.052

Type  : Fast 1100mV 85C Model Setup 'mouse:mouse_position|atualiza_posicao:recebe_posicao|y[0]'
Slack : -3.713
TNS   : -5.664

Type  : Fast 1100mV 85C Model Setup 'mouse:mouse_position|atualiza_posicao:recebe_posicao|x[1]'
Slack : -3.682
TNS   : -6.149

Type  : Fast 1100mV 85C Model Setup 'CLOCK_50'
Slack : -2.820
TNS   : -184.824

Type  : Fast 1100mV 85C Model Setup 'mouse:mouse_position|atualiza_posicao:recebe_posicao|mouse_ctrl:mousectrl|ps2_iobase:ps2io|parchecked'
Slack : -2.067
TNS   : -46.686

Type  : Fast 1100mV 85C Model Setup 'KEY[0]'
Slack : -1.872
TNS   : -6.857

Type  : Fast 1100mV 85C Model Setup 'mouse:mouse_position|atualiza_posicao:recebe_posicao|mouse_ctrl:mousectrl|ps2_iobase:ps2io|sigtrigger'
Slack : -1.838
TNS   : -24.792

Type  : Fast 1100mV 85C Model Setup 'mouse:mouse_position|valida_clique:acoes_clique|mouse_ctrl:mousectrl|ps2_iobase:ps2io|parchecked'
Slack : -1.798
TNS   : -6.711

Type  : Fast 1100mV 85C Model Setup 'mouse:mouse_position|atualiza_posicao:recebe_posicao|mouse_ctrl:mousectrl|sigsend'
Slack : -1.708
TNS   : -11.402

Type  : Fast 1100mV 85C Model Setup 'mouse:mouse_position|valida_clique:acoes_clique|mouse_ctrl:mousectrl|ps2_iobase:ps2io|sigtrigger'
Slack : -1.646
TNS   : -24.761

Type  : Fast 1100mV 85C Model Setup 'mouse:mouse_position|valida_clique:acoes_clique|mouse_ctrl:mousectrl|sigsend'
Slack : -1.589
TNS   : -11.551

Type  : Fast 1100mV 85C Model Setup 'mouse:mouse_position|valida_clique:acoes_clique|mouse_ctrl:mousectrl|newdata'
Slack : -1.514
TNS   : -4.523

Type  : Fast 1100mV 85C Model Setup 'mouse_monitor|vga_component|divider|vga_pll_inst|altera_pll_i|general[0].gpll~PLL_OUTPUT_COUNTER|divclk'
Slack : 31.875
TNS   : 0.000

Type  : Fast 1100mV 85C Model Hold 'mouse:mouse_position|atualiza_posicao:recebe_posicao|mouse_ctrl:mousectrl|ps2_iobase:ps2io|parchecked'
Slack : -0.203
TNS   : -0.715

Type  : Fast 1100mV 85C Model Hold 'mouse:mouse_position|valida_clique:acoes_clique|mouse_ctrl:mousectrl|ps2_iobase:ps2io|sigtrigger'
Slack : -0.086
TNS   : -0.125

Type  : Fast 1100mV 85C Model Hold 'mouse:mouse_position|atualiza_posicao:recebe_posicao|mouse_ctrl:mousectrl|ps2_iobase:ps2io|sigtrigger'
Slack : -0.002
TNS   : -0.002

Type  : Fast 1100mV 85C Model Hold 'mouse:mouse_position|atualiza_posicao:recebe_posicao|mouse_ctrl:mousectrl|newdata'
Slack : 0.013
TNS   : 0.000

Type  : Fast 1100mV 85C Model Hold 'CLOCK_50'
Slack : 0.144
TNS   : 0.000

Type  : Fast 1100mV 85C Model Hold 'mouse:mouse_position|valida_clique:acoes_clique|mouse_ctrl:mousectrl|newdata'
Slack : 0.159
TNS   : 0.000

Type  : Fast 1100mV 85C Model Hold 'mouse_monitor|vga_component|divider|vga_pll_inst|altera_pll_i|general[0].gpll~PLL_OUTPUT_COUNTER|divclk'
Slack : 0.217
TNS   : 0.000

Type  : Fast 1100mV 85C Model Hold 'mouse:mouse_position|atualiza_posicao:recebe_posicao|x[1]'
Slack : 0.321
TNS   : 0.000

Type  : Fast 1100mV 85C Model Hold 'mouse:mouse_position|valida_clique:acoes_clique|mouse_ctrl:mousectrl|ps2_iobase:ps2io|parchecked'
Slack : 0.341
TNS   : 0.000

Type  : Fast 1100mV 85C Model Hold 'KEY[0]'
Slack : 0.441
TNS   : 0.000

Type  : Fast 1100mV 85C Model Hold 'mouse:mouse_position|atualiza_posicao:recebe_posicao|y[0]'
Slack : 0.744
TNS   : 0.000

Type  : Fast 1100mV 85C Model Hold 'mouse:mouse_position|atualiza_posicao:recebe_posicao|mouse_ctrl:mousectrl|sigsend'
Slack : 0.989
TNS   : 0.000

Type  : Fast 1100mV 85C Model Hold 'mouse:mouse_position|valida_clique:acoes_clique|mouse_ctrl:mousectrl|sigsend'
Slack : 1.089
TNS   : 0.000

Type  : Fast 1100mV 85C Model Recovery 'mouse:mouse_position|atualiza_posicao:recebe_posicao|mouse_ctrl:mousectrl|ps2_iobase:ps2io|parchecked'
Slack : -4.347
TNS   : -89.460

Type  : Fast 1100mV 85C Model Recovery 'mouse:mouse_position|atualiza_posicao:recebe_posicao|mouse_ctrl:mousectrl|newdata'
Slack : -4.216
TNS   : -186.429

Type  : Fast 1100mV 85C Model Recovery 'mouse:mouse_position|valida_clique:acoes_clique|mouse_ctrl:mousectrl|ps2_iobase:ps2io|parchecked'
Slack : -4.077
TNS   : -13.820

Type  : Fast 1100mV 85C Model Recovery 'mouse:mouse_position|valida_clique:acoes_clique|mouse_ctrl:mousectrl|newdata'
Slack : -4.033
TNS   : -12.097

Type  : Fast 1100mV 85C Model Recovery 'mouse:mouse_position|atualiza_posicao:recebe_posicao|mouse_ctrl:mousectrl|sigsend'
Slack : -3.264
TNS   : -28.879

Type  : Fast 1100mV 85C Model Recovery 'mouse:mouse_position|valida_clique:acoes_clique|mouse_ctrl:mousectrl|sigsend'
Slack : -3.176
TNS   : -20.537

Type  : Fast 1100mV 85C Model Recovery 'mouse:mouse_position|atualiza_posicao:recebe_posicao|mouse_ctrl:mousectrl|ps2_iobase:ps2io|sigtrigger'
Slack : -3.123
TNS   : -48.912

Type  : Fast 1100mV 85C Model Recovery 'CLOCK_50'
Slack : -2.789
TNS   : -273.932

Type  : Fast 1100mV 85C Model Recovery 'mouse:mouse_position|valida_clique:acoes_clique|mouse_ctrl:mousectrl|ps2_iobase:ps2io|sigtrigger'
Slack : -2.339
TNS   : -40.778

Type  : Fast 1100mV 85C Model Recovery 'mouse_monitor|vga_component|divider|vga_pll_inst|altera_pll_i|general[0].gpll~PLL_OUTPUT_COUNTER|divclk'
Slack : -1.462
TNS   : -71.539

Type  : Fast 1100mV 85C Model Removal 'mouse_monitor|vga_component|divider|vga_pll_inst|altera_pll_i|general[0].gpll~PLL_OUTPUT_COUNTER|divclk'
Slack : -1.463
TNS   : -71.299

Type  : Fast 1100mV 85C Model Removal 'CLOCK_50'
Slack : 0.240
TNS   : 0.000

Type  : Fast 1100mV 85C Model Removal 'mouse:mouse_position|valida_clique:acoes_clique|mouse_ctrl:mousectrl|ps2_iobase:ps2io|sigtrigger'
Slack : 0.417
TNS   : 0.000

Type  : Fast 1100mV 85C Model Removal 'mouse:mouse_position|atualiza_posicao:recebe_posicao|mouse_ctrl:mousectrl|ps2_iobase:ps2io|parchecked'
Slack : 0.423
TNS   : 0.000

Type  : Fast 1100mV 85C Model Removal 'mouse:mouse_position|valida_clique:acoes_clique|mouse_ctrl:mousectrl|ps2_iobase:ps2io|parchecked'
Slack : 0.539
TNS   : 0.000

Type  : Fast 1100mV 85C Model Removal 'mouse:mouse_position|atualiza_posicao:recebe_posicao|mouse_ctrl:mousectrl|ps2_iobase:ps2io|sigtrigger'
Slack : 0.735
TNS   : 0.000

Type  : Fast 1100mV 85C Model Removal 'mouse:mouse_position|valida_clique:acoes_clique|mouse_ctrl:mousectrl|sigsend'
Slack : 0.924
TNS   : 0.000

Type  : Fast 1100mV 85C Model Removal 'mouse:mouse_position|atualiza_posicao:recebe_posicao|mouse_ctrl:mousectrl|sigsend'
Slack : 1.641
TNS   : 0.000

Type  : Fast 1100mV 85C Model Removal 'mouse:mouse_position|atualiza_posicao:recebe_posicao|mouse_ctrl:mousectrl|newdata'
Slack : 1.882
TNS   : 0.000

Type  : Fast 1100mV 85C Model Removal 'mouse:mouse_position|valida_clique:acoes_clique|mouse_ctrl:mousectrl|newdata'
Slack : 1.984
TNS   : 0.000

Type  : Fast 1100mV 85C Model Minimum Pulse Width 'KEY[0]'
Slack : -0.194
TNS   : -1.411

Type  : Fast 1100mV 85C Model Minimum Pulse Width 'mouse:mouse_position|atualiza_posicao:recebe_posicao|mouse_ctrl:mousectrl|ps2_iobase:ps2io|parchecked'
Slack : -0.115
TNS   : -1.515

Type  : Fast 1100mV 85C Model Minimum Pulse Width 'mouse:mouse_position|valida_clique:acoes_clique|mouse_ctrl:mousectrl|ps2_iobase:ps2io|parchecked'
Slack : -0.077
TNS   : -0.077

Type  : Fast 1100mV 85C Model Minimum Pulse Width 'mouse:mouse_position|atualiza_posicao:recebe_posicao|mouse_ctrl:mousectrl|newdata'
Slack : -0.062
TNS   : -1.258

Type  : Fast 1100mV 85C Model Minimum Pulse Width 'mouse:mouse_position|valida_clique:acoes_clique|mouse_ctrl:mousectrl|ps2_iobase:ps2io|sigtrigger'
Slack : -0.010
TNS   : -0.167

Type  : Fast 1100mV 85C Model Minimum Pulse Width 'mouse:mouse_position|valida_clique:acoes_clique|mouse_ctrl:mousectrl|newdata'
Slack : -0.007
TNS   : -0.019

Type  : Fast 1100mV 85C Model Minimum Pulse Width 'mouse:mouse_position|atualiza_posicao:recebe_posicao|mouse_ctrl:mousectrl|ps2_iobase:ps2io|sigtrigger'
Slack : 0.052
TNS   : 0.000

Type  : Fast 1100mV 85C Model Minimum Pulse Width 'mouse:mouse_position|valida_clique:acoes_clique|mouse_ctrl:mousectrl|sigsend'
Slack : 0.072
TNS   : 0.000

Type  : Fast 1100mV 85C Model Minimum Pulse Width 'mouse:mouse_position|atualiza_posicao:recebe_posicao|mouse_ctrl:mousectrl|sigsend'
Slack : 0.089
TNS   : 0.000

Type  : Fast 1100mV 85C Model Minimum Pulse Width 'mouse:mouse_position|atualiza_posicao:recebe_posicao|x[1]'
Slack : 0.283
TNS   : 0.000

Type  : Fast 1100mV 85C Model Minimum Pulse Width 'mouse_monitor|vga_component|divider|vga_pll_inst|altera_pll_i|general[0].gpll~FRACTIONAL_PLL|vcoph[0]'
Slack : 0.325
TNS   : 0.000

Type  : Fast 1100mV 85C Model Minimum Pulse Width 'mouse:mouse_position|atualiza_posicao:recebe_posicao|y[0]'
Slack : 0.425
TNS   : 0.000

Type  : Fast 1100mV 85C Model Minimum Pulse Width 'CLOCK_50'
Slack : 8.834
TNS   : 0.000

Type  : Fast 1100mV 85C Model Minimum Pulse Width 'mouse_monitor|vga_component|divider|vga_pll_inst|altera_pll_i|general[0].gpll~PLL_OUTPUT_COUNTER|divclk'
Slack : 18.758
TNS   : 0.000

Type  : Fast 1100mV 0C Model Setup 'mouse:mouse_position|atualiza_posicao:recebe_posicao|mouse_ctrl:mousectrl|newdata'
Slack : -13.964
TNS   : -620.871

Type  : Fast 1100mV 0C Model Setup 'mouse:mouse_position|atualiza_posicao:recebe_posicao|y[0]'
Slack : -3.250
TNS   : -4.991

Type  : Fast 1100mV 0C Model Setup 'mouse:mouse_position|atualiza_posicao:recebe_posicao|x[1]'
Slack : -3.240
TNS   : -5.402

Type  : Fast 1100mV 0C Model Setup 'CLOCK_50'
Slack : -2.276
TNS   : -141.036

Type  : Fast 1100mV 0C Model Setup 'mouse:mouse_position|atualiza_posicao:recebe_posicao|mouse_ctrl:mousectrl|ps2_iobase:ps2io|parchecked'
Slack : -1.978
TNS   : -44.367

Type  : Fast 1100mV 0C Model Setup 'mouse:mouse_position|valida_clique:acoes_clique|mouse_ctrl:mousectrl|ps2_iobase:ps2io|parchecked'
Slack : -1.767
TNS   : -6.643

Type  : Fast 1100mV 0C Model Setup 'mouse:mouse_position|atualiza_posicao:recebe_posicao|mouse_ctrl:mousectrl|ps2_iobase:ps2io|sigtrigger'
Slack : -1.763
TNS   : -22.687

Type  : Fast 1100mV 0C Model Setup 'KEY[0]'
Slack : -1.668
TNS   : -6.009

Type  : Fast 1100mV 0C Model Setup 'mouse:mouse_position|atualiza_posicao:recebe_posicao|mouse_ctrl:mousectrl|sigsend'
Slack : -1.667
TNS   : -11.277

Type  : Fast 1100mV 0C Model Setup 'mouse:mouse_position|valida_clique:acoes_clique|mouse_ctrl:mousectrl|ps2_iobase:ps2io|sigtrigger'
Slack : -1.614
TNS   : -22.727

Type  : Fast 1100mV 0C Model Setup 'mouse:mouse_position|valida_clique:acoes_clique|mouse_ctrl:mousectrl|sigsend'
Slack : -1.562
TNS   : -11.454

Type  : Fast 1100mV 0C Model Setup 'mouse:mouse_position|valida_clique:acoes_clique|mouse_ctrl:mousectrl|newdata'
Slack : -1.389
TNS   : -4.142

Type  : Fast 1100mV 0C Model Setup 'mouse_monitor|vga_component|divider|vga_pll_inst|altera_pll_i|general[0].gpll~PLL_OUTPUT_COUNTER|divclk'
Slack : 32.612
TNS   : 0.000

Type  : Fast 1100mV 0C Model Hold 'mouse:mouse_position|atualiza_posicao:recebe_posicao|mouse_ctrl:mousectrl|ps2_iobase:ps2io|parchecked'
Slack : -0.235
TNS   : -1.108

Type  : Fast 1100mV 0C Model Hold 'mouse:mouse_position|valida_clique:acoes_clique|mouse_ctrl:mousectrl|ps2_iobase:ps2io|sigtrigger'
Slack : -0.123
TNS   : -0.369

Type  : Fast 1100mV 0C Model Hold 'CLOCK_50'
Slack : -0.091
TNS   : -0.240

Type  : Fast 1100mV 0C Model Hold 'mouse:mouse_position|atualiza_posicao:recebe_posicao|mouse_ctrl:mousectrl|ps2_iobase:ps2io|sigtrigger'
Slack : -0.055
TNS   : -0.055

Type  : Fast 1100mV 0C Model Hold 'mouse:mouse_position|atualiza_posicao:recebe_posicao|mouse_ctrl:mousectrl|newdata'
Slack : 0.022
TNS   : 0.000

Type  : Fast 1100mV 0C Model Hold 'mouse:mouse_position|valida_clique:acoes_clique|mouse_ctrl:mousectrl|newdata'
Slack : 0.097
TNS   : 0.000

Type  : Fast 1100mV 0C Model Hold 'mouse_monitor|vga_component|divider|vga_pll_inst|altera_pll_i|general[0].gpll~PLL_OUTPUT_COUNTER|divclk'
Slack : 0.200
TNS   : 0.000

Type  : Fast 1100mV 0C Model Hold 'mouse:mouse_position|atualiza_posicao:recebe_posicao|x[1]'
Slack : 0.205
TNS   : 0.000

Type  : Fast 1100mV 0C Model Hold 'mouse:mouse_position|valida_clique:acoes_clique|mouse_ctrl:mousectrl|ps2_iobase:ps2io|parchecked'
Slack : 0.279
TNS   : 0.000

Type  : Fast 1100mV 0C Model Hold 'KEY[0]'
Slack : 0.360
TNS   : 0.000

Type  : Fast 1100mV 0C Model Hold 'mouse:mouse_position|atualiza_posicao:recebe_posicao|y[0]'
Slack : 0.632
TNS   : 0.000

Type  : Fast 1100mV 0C Model Hold 'mouse:mouse_position|atualiza_posicao:recebe_posicao|mouse_ctrl:mousectrl|sigsend'
Slack : 1.005
TNS   : 0.000

Type  : Fast 1100mV 0C Model Hold 'mouse:mouse_position|valida_clique:acoes_clique|mouse_ctrl:mousectrl|sigsend'
Slack : 1.091
TNS   : 0.000

Type  : Fast 1100mV 0C Model Recovery 'mouse:mouse_position|atualiza_posicao:recebe_posicao|mouse_ctrl:mousectrl|ps2_iobase:ps2io|parchecked'
Slack : -4.267
TNS   : -88.459

Type  : Fast 1100mV 0C Model Recovery 'mouse:mouse_position|atualiza_posicao:recebe_posicao|mouse_ctrl:mousectrl|newdata'
Slack : -4.149
TNS   : -184.246

Type  : Fast 1100mV 0C Model Recovery 'mouse:mouse_position|valida_clique:acoes_clique|mouse_ctrl:mousectrl|ps2_iobase:ps2io|parchecked'
Slack : -4.025
TNS   : -13.646

Type  : Fast 1100mV 0C Model Recovery 'mouse:mouse_position|valida_clique:acoes_clique|mouse_ctrl:mousectrl|newdata'
Slack : -3.990
TNS   : -11.968

Type  : Fast 1100mV 0C Model Recovery 'mouse:mouse_position|atualiza_posicao:recebe_posicao|mouse_ctrl:mousectrl|sigsend'
Slack : -3.056
TNS   : -27.108

Type  : Fast 1100mV 0C Model Recovery 'mouse:mouse_position|valida_clique:acoes_clique|mouse_ctrl:mousectrl|sigsend'
Slack : -2.987
TNS   : -19.836

Type  : Fast 1100mV 0C Model Recovery 'mouse:mouse_position|atualiza_posicao:recebe_posicao|mouse_ctrl:mousectrl|ps2_iobase:ps2io|sigtrigger'
Slack : -2.935
TNS   : -47.266

Type  : Fast 1100mV 0C Model Recovery 'CLOCK_50'
Slack : -2.703
TNS   : -253.482

Type  : Fast 1100mV 0C Model Recovery 'mouse:mouse_position|valida_clique:acoes_clique|mouse_ctrl:mousectrl|ps2_iobase:ps2io|sigtrigger'
Slack : -2.250
TNS   : -39.882

Type  : Fast 1100mV 0C Model Recovery 'mouse_monitor|vga_component|divider|vga_pll_inst|altera_pll_i|general[0].gpll~PLL_OUTPUT_COUNTER|divclk'
Slack : -1.411
TNS   : -69.021

Type  : Fast 1100mV 0C Model Removal 'mouse_monitor|vga_component|divider|vga_pll_inst|altera_pll_i|general[0].gpll~PLL_OUTPUT_COUNTER|divclk'
Slack : -1.462
TNS   : -71.175

Type  : Fast 1100mV 0C Model Removal 'CLOCK_50'
Slack : -0.017
TNS   : -0.017

Type  : Fast 1100mV 0C Model Removal 'mouse:mouse_position|valida_clique:acoes_clique|mouse_ctrl:mousectrl|ps2_iobase:ps2io|sigtrigger'
Slack : 0.317
TNS   : 0.000

Type  : Fast 1100mV 0C Model Removal 'mouse:mouse_position|atualiza_posicao:recebe_posicao|mouse_ctrl:mousectrl|ps2_iobase:ps2io|parchecked'
Slack : 0.461
TNS   : 0.000

Type  : Fast 1100mV 0C Model Removal 'mouse:mouse_position|valida_clique:acoes_clique|mouse_ctrl:mousectrl|ps2_iobase:ps2io|parchecked'
Slack : 0.564
TNS   : 0.000

Type  : Fast 1100mV 0C Model Removal 'mouse:mouse_position|atualiza_posicao:recebe_posicao|mouse_ctrl:mousectrl|ps2_iobase:ps2io|sigtrigger'
Slack : 0.594
TNS   : 0.000

Type  : Fast 1100mV 0C Model Removal 'mouse:mouse_position|valida_clique:acoes_clique|mouse_ctrl:mousectrl|sigsend'
Slack : 0.778
TNS   : 0.000

Type  : Fast 1100mV 0C Model Removal 'mouse:mouse_position|atualiza_posicao:recebe_posicao|mouse_ctrl:mousectrl|sigsend'
Slack : 1.413
TNS   : 0.000

Type  : Fast 1100mV 0C Model Removal 'mouse:mouse_position|atualiza_posicao:recebe_posicao|mouse_ctrl:mousectrl|newdata'
Slack : 1.883
TNS   : 0.000

Type  : Fast 1100mV 0C Model Removal 'mouse:mouse_position|valida_clique:acoes_clique|mouse_ctrl:mousectrl|newdata'
Slack : 1.976
TNS   : 0.000

Type  : Fast 1100mV 0C Model Minimum Pulse Width 'KEY[0]'
Slack : -0.187
TNS   : -1.359

Type  : Fast 1100mV 0C Model Minimum Pulse Width 'mouse:mouse_position|atualiza_posicao:recebe_posicao|mouse_ctrl:mousectrl|ps2_iobase:ps2io|parchecked'
Slack : -0.048
TNS   : -0.479

Type  : Fast 1100mV 0C Model Minimum Pulse Width 'mouse:mouse_position|valida_clique:acoes_clique|mouse_ctrl:mousectrl|ps2_iobase:ps2io|parchecked'
Slack : -0.021
TNS   : -0.021

Type  : Fast 1100mV 0C Model Minimum Pulse Width 'mouse:mouse_position|atualiza_posicao:recebe_posicao|mouse_ctrl:mousectrl|newdata'
Slack : -0.019
TNS   : -0.267

Type  : Fast 1100mV 0C Model Minimum Pulse Width 'mouse:mouse_position|valida_clique:acoes_clique|mouse_ctrl:mousectrl|ps2_iobase:ps2io|sigtrigger'
Slack : 0.022
TNS   : 0.000

Type  : Fast 1100mV 0C Model Minimum Pulse Width 'mouse:mouse_position|valida_clique:acoes_clique|mouse_ctrl:mousectrl|newdata'
Slack : 0.030
TNS   : 0.000

Type  : Fast 1100mV 0C Model Minimum Pulse Width 'mouse:mouse_position|atualiza_posicao:recebe_posicao|mouse_ctrl:mousectrl|ps2_iobase:ps2io|sigtrigger'
Slack : 0.080
TNS   : 0.000

Type  : Fast 1100mV 0C Model Minimum Pulse Width 'mouse:mouse_position|valida_clique:acoes_clique|mouse_ctrl:mousectrl|sigsend'
Slack : 0.085
TNS   : 0.000

Type  : Fast 1100mV 0C Model Minimum Pulse Width 'mouse:mouse_position|atualiza_posicao:recebe_posicao|mouse_ctrl:mousectrl|sigsend'
Slack : 0.106
TNS   : 0.000

Type  : Fast 1100mV 0C Model Minimum Pulse Width 'mouse:mouse_position|atualiza_posicao:recebe_posicao|x[1]'
Slack : 0.312
TNS   : 0.000

Type  : Fast 1100mV 0C Model Minimum Pulse Width 'mouse_monitor|vga_component|divider|vga_pll_inst|altera_pll_i|general[0].gpll~FRACTIONAL_PLL|vcoph[0]'
Slack : 0.325
TNS   : 0.000

Type  : Fast 1100mV 0C Model Minimum Pulse Width 'mouse:mouse_position|atualiza_posicao:recebe_posicao|y[0]'
Slack : 0.439
TNS   : 0.000

Type  : Fast 1100mV 0C Model Minimum Pulse Width 'CLOCK_50'
Slack : 8.826
TNS   : 0.000

Type  : Fast 1100mV 0C Model Minimum Pulse Width 'mouse_monitor|vga_component|divider|vga_pll_inst|altera_pll_i|general[0].gpll~PLL_OUTPUT_COUNTER|divclk'
Slack : 18.754
TNS   : 0.000

------------------------------------------------------------
